Archive member included to satisfy reference by file (symbol)

E:/ST/STM32CubeIDE_1.18.1/STM32CubeIDE/plugins/com.st.stm32cube.ide.mcu.externaltools.gnu-tools-for-stm32.13.3.rel1.win32_1.0.0.202411081344/tools/bin/../lib/gcc/arm-none-eabi/13.3.1/../../../../arm-none-eabi/lib/thumb/v7e-m+fp/hard\libc_nano.a(libc_a-exit.o)
                              E:/ST/STM32CubeIDE_1.18.1/STM32CubeIDE/plugins/com.st.stm32cube.ide.mcu.externaltools.gnu-tools-for-stm32.13.3.rel1.win32_1.0.0.202411081344/tools/bin/../lib/gcc/arm-none-eabi/13.3.1/../../../../arm-none-eabi/lib/thumb/v7e-m+fp/hard/crt0.o (exit)
E:/ST/STM32CubeIDE_1.18.1/STM32CubeIDE/plugins/com.st.stm32cube.ide.mcu.externaltools.gnu-tools-for-stm32.13.3.rel1.win32_1.0.0.202411081344/tools/bin/../lib/gcc/arm-none-eabi/13.3.1/../../../../arm-none-eabi/lib/thumb/v7e-m+fp/hard\libc_nano.a(libc_a-findfp.o)
                              E:/ST/STM32CubeIDE_1.18.1/STM32CubeIDE/plugins/com.st.stm32cube.ide.mcu.externaltools.gnu-tools-for-stm32.13.3.rel1.win32_1.0.0.202411081344/tools/bin/../lib/gcc/arm-none-eabi/13.3.1/../../../../arm-none-eabi/lib/thumb/v7e-m+fp/hard\libc_nano.a(libc_a-exit.o) (__stdio_exit_handler)
E:/ST/STM32CubeIDE_1.18.1/STM32CubeIDE/plugins/com.st.stm32cube.ide.mcu.externaltools.gnu-tools-for-stm32.13.3.rel1.win32_1.0.0.202411081344/tools/bin/../lib/gcc/arm-none-eabi/13.3.1/../../../../arm-none-eabi/lib/thumb/v7e-m+fp/hard\libc_nano.a(libc_a-fwalk.o)
                              E:/ST/STM32CubeIDE_1.18.1/STM32CubeIDE/plugins/com.st.stm32cube.ide.mcu.externaltools.gnu-tools-for-stm32.13.3.rel1.win32_1.0.0.202411081344/tools/bin/../lib/gcc/arm-none-eabi/13.3.1/../../../../arm-none-eabi/lib/thumb/v7e-m+fp/hard\libc_nano.a(libc_a-findfp.o) (_fwalk_sglue)
E:/ST/STM32CubeIDE_1.18.1/STM32CubeIDE/plugins/com.st.stm32cube.ide.mcu.externaltools.gnu-tools-for-stm32.13.3.rel1.win32_1.0.0.202411081344/tools/bin/../lib/gcc/arm-none-eabi/13.3.1/../../../../arm-none-eabi/lib/thumb/v7e-m+fp/hard\libc_nano.a(libc_a-stdio.o)
                              E:/ST/STM32CubeIDE_1.18.1/STM32CubeIDE/plugins/com.st.stm32cube.ide.mcu.externaltools.gnu-tools-for-stm32.13.3.rel1.win32_1.0.0.202411081344/tools/bin/../lib/gcc/arm-none-eabi/13.3.1/../../../../arm-none-eabi/lib/thumb/v7e-m+fp/hard\libc_nano.a(libc_a-findfp.o) (__sread)
E:/ST/STM32CubeIDE_1.18.1/STM32CubeIDE/plugins/com.st.stm32cube.ide.mcu.externaltools.gnu-tools-for-stm32.13.3.rel1.win32_1.0.0.202411081344/tools/bin/../lib/gcc/arm-none-eabi/13.3.1/../../../../arm-none-eabi/lib/thumb/v7e-m+fp/hard\libc_nano.a(libc_a-memset.o)
                              E:/ST/STM32CubeIDE_1.18.1/STM32CubeIDE/plugins/com.st.stm32cube.ide.mcu.externaltools.gnu-tools-for-stm32.13.3.rel1.win32_1.0.0.202411081344/tools/bin/../lib/gcc/arm-none-eabi/13.3.1/../../../../arm-none-eabi/lib/thumb/v7e-m+fp/hard/crt0.o (memset)
E:/ST/STM32CubeIDE_1.18.1/STM32CubeIDE/plugins/com.st.stm32cube.ide.mcu.externaltools.gnu-tools-for-stm32.13.3.rel1.win32_1.0.0.202411081344/tools/bin/../lib/gcc/arm-none-eabi/13.3.1/../../../../arm-none-eabi/lib/thumb/v7e-m+fp/hard\libc_nano.a(libc_a-closer.o)
                              E:/ST/STM32CubeIDE_1.18.1/STM32CubeIDE/plugins/com.st.stm32cube.ide.mcu.externaltools.gnu-tools-for-stm32.13.3.rel1.win32_1.0.0.202411081344/tools/bin/../lib/gcc/arm-none-eabi/13.3.1/../../../../arm-none-eabi/lib/thumb/v7e-m+fp/hard\libc_nano.a(libc_a-stdio.o) (_close_r)
E:/ST/STM32CubeIDE_1.18.1/STM32CubeIDE/plugins/com.st.stm32cube.ide.mcu.externaltools.gnu-tools-for-stm32.13.3.rel1.win32_1.0.0.202411081344/tools/bin/../lib/gcc/arm-none-eabi/13.3.1/../../../../arm-none-eabi/lib/thumb/v7e-m+fp/hard\libc_nano.a(libc_a-reent.o)
                              E:/ST/STM32CubeIDE_1.18.1/STM32CubeIDE/plugins/com.st.stm32cube.ide.mcu.externaltools.gnu-tools-for-stm32.13.3.rel1.win32_1.0.0.202411081344/tools/bin/../lib/gcc/arm-none-eabi/13.3.1/../../../../arm-none-eabi/lib/thumb/v7e-m+fp/hard\libc_nano.a(libc_a-closer.o) (errno)
E:/ST/STM32CubeIDE_1.18.1/STM32CubeIDE/plugins/com.st.stm32cube.ide.mcu.externaltools.gnu-tools-for-stm32.13.3.rel1.win32_1.0.0.202411081344/tools/bin/../lib/gcc/arm-none-eabi/13.3.1/../../../../arm-none-eabi/lib/thumb/v7e-m+fp/hard\libc_nano.a(libc_a-impure.o)
                              E:/ST/STM32CubeIDE_1.18.1/STM32CubeIDE/plugins/com.st.stm32cube.ide.mcu.externaltools.gnu-tools-for-stm32.13.3.rel1.win32_1.0.0.202411081344/tools/bin/../lib/gcc/arm-none-eabi/13.3.1/../../../../arm-none-eabi/lib/thumb/v7e-m+fp/hard\libc_nano.a(libc_a-reent.o) (_impure_ptr)
E:/ST/STM32CubeIDE_1.18.1/STM32CubeIDE/plugins/com.st.stm32cube.ide.mcu.externaltools.gnu-tools-for-stm32.13.3.rel1.win32_1.0.0.202411081344/tools/bin/../lib/gcc/arm-none-eabi/13.3.1/../../../../arm-none-eabi/lib/thumb/v7e-m+fp/hard\libc_nano.a(libc_a-lseekr.o)
[...]
Memory Configuration

Name             Origin             Length             Attributes
CCMRAM           0x10000000         0x00010000         xrw
RAM              0x20000000         0x00020000         xrw
FLASH            0x08000000         0x00100000         xr
*default*        0x00000000         0xffffffff

Linker script and memory map

LOAD E:/ST/STM32CubeIDE_1.18.1/STM32CubeIDE/plugins/com.st.stm32cube.ide.mcu.externaltools.gnu-tools-for-stm32.13.3.rel1.win32_1.0.0.202411081344/tools/bin/../lib/gcc/arm-none-eabi/13.3.1/thumb/v7e-m+fp/hard/crti.o
LOAD E:/ST/STM32CubeIDE_1.18.1/STM32CubeIDE/plugins/com.st.stm32cube.ide.mcu.externaltools.gnu-tools-for-stm32.13.3.rel1.win32_1.0.0.202411081344/tools/bin/../lib/gcc/arm-none-eabi/13.3.1/thumb/v7e-m+fp/hard/crtbegin.o
LOAD E:/ST/STM32CubeIDE_1.18.1/STM32CubeIDE/plugins/com.st.stm32cube.ide.mcu.externaltools.gnu-tools-for-stm32.13.3.rel1.win32_1.0.0.202411081344/tools/bin/../lib/gcc/arm-none-eabi/13.3.1/../../../../arm-none-eabi/lib/thumb/v7e-m+fp/hard/crt0.o
LOAD ./Core/Src/bsp_cleaning.o
LOAD ./Core/Src/bsp_drivetrain.o
LOAD ./Core/Src/bsp_sensors.o
LOAD ./Core/Src/comm_luban.o
LOAD ./Core/Src/gpio.o
LOAD ./Core/Src/main.o
LOAD ./Core/Src/robot_state_machine.o
LOAD ./Core/Src/stm32f4xx_hal_msp.o
LOAD ./Core/Src/stm32f4xx_it.o
LOAD ./Core/Src/syscalls.o
LOAD ./Core/Src/sysmem.o
LOAD ./Core/Src/system_stm32f4xx.o
LOAD ./Core/Src/tim.o
LOAD ./Core/Src/usart.o
LOAD ./Core/Startup/startup_stm32f407vgtx.o
LOAD ./Drivers/STM32F4xx_HAL_Driver/Src/stm32f4xx_hal.o
LOAD ./Drivers/STM32F4xx_HAL_Driver/Src/stm32f4xx_hal_cortex.o
LOAD ./Drivers/STM32F4xx_HAL_Driver/Src/stm32f4xx_hal_dma.o
LOAD ./Drivers/STM32F4xx_HAL_Driver/Src/stm32f4xx_hal_dma_ex.o
LOAD ./Drivers/STM32F4xx_HAL_Driver/Src/stm32f4xx_hal_exti.o
LOAD ./Drivers/STM32F4xx_HAL_Driver/Src/stm32f4xx_hal_flash.o
LOAD ./Drivers/STM32F4xx_HAL_Driver/Src/stm32f4xx_hal_flash_ex.o
LOAD ./Drivers/STM32F4xx_HAL_Driver/Src/stm32f4xx_hal_flash_ramfunc.o
LOAD ./Drivers/STM32F4xx_HAL_Driver/Src/stm32f4xx_hal_gpio.o
LOAD ./Drivers/STM32F4xx_HAL_Driver/Src/stm32f4xx_hal_pwr.o
LOAD ./Drivers/STM32F4xx_HAL_Driver/Src/stm32f4xx_hal_pwr_ex.o
LOAD ./Drivers/STM32F4xx_HAL_Driver/Src/stm32f4xx_hal_rcc.o
LOAD ./Drivers/STM32F4xx_HAL_Driver/Src/stm32f4xx_hal_rcc_ex.o
LOAD ./Drivers/STM32F4xx_HAL_Driver/Src/stm32f4xx_hal_tim.o
LOAD ./Drivers/STM32F4xx_HAL_Driver/Src/stm32f4xx_hal_tim_ex.o
LOAD ./Drivers/STM32F4xx_HAL_Driver/Src/stm32f4xx_hal_uart.o
START GROUP
LOAD E:/ST/STM32CubeIDE_1.18.1/STM32CubeIDE/plugins/com.st.stm32cube.ide.mcu.externaltools.gnu-tools-for-stm32.13.3.rel1.win32_1.0.0.202411081344/tools/bin/../lib/gcc/arm-none-eabi/13.3.1/../../../../arm-none-eabi/lib/thumb/v7e-m+fp/hard\libc_nano.a
LOAD E:/ST/STM32CubeIDE_1.18.1/STM32CubeIDE/plugins/com.st.stm32cube.ide.mcu.externaltools.gnu-tools-for-stm32.13.3.rel1.win32_1.0.0.202411081344/tools/bin/../lib/gcc/arm-none-eabi/13.3.1/../../../../arm-none-eabi/lib/thumb/v7e-m+fp/hard\libm.a
END GROUP
START GROUP
LOAD E:/ST/STM32CubeIDE_1.18.1/STM32CubeIDE/plugins/com.st.stm32cube.ide.mcu.externaltools.gnu-tools-for-stm32.13.3.rel1.win32_1.0.0.202411081344/tools/bin/../lib/gcc/arm-none-eabi/13.3.1/thumb/v7e-m+fp/hard\libgcc.a
LOAD E:/ST/STM32CubeIDE_1.18.1/STM32CubeIDE/plugins/com.st.stm32cube.ide.mcu.externaltools.gnu-tools-for-stm32.13.3.rel1.win32_1.0.0.202411081344/tools/bin/../lib/gcc/arm-none-eabi/13.3.1/../../../../arm-none-eabi/lib/thumb/v7e-m+fp/hard\libc_nano.a
END GROUP
START GROUP
LOAD E:/ST/STM32CubeIDE_1.18.1/STM32CubeIDE/plugins/com.st.stm32cube.ide.mcu.externaltools.gnu-tools-for-stm32.13.3.rel1.win32_1.0.0.202411081344/tools/bin/../lib/gcc/arm-none-eabi/13.3.1/thumb/v7e-m+fp/hard\libgcc.a
LOAD E:/ST/STM32CubeIDE_1.18.1/STM32CubeIDE/plugins/com.st.stm32cube.ide.mcu.externaltools.gnu-tools-for-stm32.13.3.rel1.win32_1.0.0.202411081344/tools/bin/../lib/gcc/arm-none-eabi/13.3.1/../../../../arm-none-eabi/lib/thumb/v7e-m+fp/hard\libc_nano.a
LOAD E:/ST/STM32CubeIDE_1.18.1/STM32CubeIDE/plugins/com.st.stm32cube.ide.mcu.externaltools.gnu-tools-for-stm32.13.3.rel1.win32_1.0.0.202411081344/tools/bin/../lib/gcc/arm-none-eabi/13.3.1/../../../../arm-none-eabi/lib/thumb/v7e-m+fp/hard\libnosys.a
END GROUP
START GROUP
LOAD E:/ST/STM32CubeIDE_1.18.1/STM32CubeIDE/plugins/com.st.stm32cube.ide.mcu.externaltools.gnu-tools-for-stm32.13.3.rel1.win32_1.0.0.202411081344/tools/bin/../lib/gcc/arm-none-eabi/13.3.1/thumb/v7e-m+fp/hard\libgcc.a
LOAD E:/ST/STM32CubeIDE_1.18.1/STM32CubeIDE/plugins/com.st.stm32cube.ide.mcu.externaltools.gnu-tools-for-stm32.13.3.rel1.win32_1.0.0.202411081344/tools/bin/../lib/gcc/arm-none-eabi/13.3.1/../../../../arm-none-eabi/lib/thumb/v7e-m+fp/hard\libc_nano.a
LOAD E:/ST/STM32CubeIDE_1.18.1/STM32CubeIDE/plugins/com.st.stm32cube.ide.mcu.externaltools.gnu-tools-for-stm32.13.3.rel1.win32_1.0.0.202411081344/tools/bin/../lib/gcc/arm-none-eabi/13.3.1/../../../../arm-none-eabi/lib/thumb/v7e-m+fp/hard\libnosys.a
END GROUP
LOAD E:/ST/STM32CubeIDE_1.18.1/STM32CubeIDE/plugins/com.st.stm32cube.ide.mcu.externaltools.gnu-tools-for-stm32.13.3.rel1.win32_1.0.0.202411081344/tools/bin/../lib/gcc/arm-none-eabi/13.3.1/thumb/v7e-m+fp/hard/crtend.o
LOAD E:/ST/STM32CubeIDE_1.18.1/STM32CubeIDE/plugins/com.st.stm32cube.ide.mcu.externaltools.gnu-tools-for-stm32.13.3.rel1.win32_1.0.0.202411081344/tools/bin/../lib/gcc/arm-none-eabi/13.3.1/thumb/v7e-m+fp/hard/crtn.o
                0x20020000                        _estack = (ORIGIN (RAM) + LENGTH (RAM))
                0x00000200                        _Min_Heap_Size = 0x200
                0x00000400                        _Min_Stack_Size = 0x400

.isr_vector     0x08000000      0x188
                0x08000000                        . = ALIGN (0x4)
 *(.isr_vector)
 .isr_vector    0x08000000      0x188 ./Core/Startup/startup_stm32f407vgtx.o
                0x08000000                g_pfnVectors
                0x08000188                        . = ALIGN (0x4)

.text           0x08000188     0x4c54
                0x08000188                        . = ALIGN (0x4)
 *(.text)
 .text          0x08000188       0x40 E:/ST/STM32CubeIDE_1.18.1/STM32CubeIDE/plugins/com.st.stm32cube.ide.mcu.externaltools.gnu-tools-for-stm32.13.3.rel1.win32_1.0.0.202411081344/tools/bin/../lib/gcc/arm-none-eabi/13.3.1/thumb/v7e-m+fp/hard/crtbegin.o
 .text          0x080001c8       0x10 E:/ST/STM32CubeIDE_1.18.1/STM32CubeIDE/plugins/com.st.stm32cube.ide.mcu.externaltools.gnu-tools-for-stm32.13.3.rel1.win32_1.0.0.202411081344/tools/bin/../lib/gcc/arm-none-eabi/13.3.1/../../../../arm-none-eabi/lib/thumb/v7e-m+fp/hard\libc_nano.a(libc_a-strlen.o)
                0x080001c8                strlen
 .text          0x080001d8       0x30 E:/ST/STM32CubeIDE_1.18.1/STM32CubeIDE/plugins/com.st.stm32cube.ide.mcu.externaltools.gnu-tools-for-stm32.13.3.rel1.win32_1.0.0.202411081344/tools/bin/../lib/gcc/arm-none-eabi/13.3.1/thumb/v7e-m+fp/hard\libgcc.a(_aeabi_uldivmod.o)
                0x080001d8                __aeabi_uldivmod
 .text          0x08000208      0x2f8 E:/ST/STM32CubeIDE_1.18.1/STM32CubeIDE/plugins/com.st.stm32cube.ide.mcu.externaltools.gnu-tools-for-stm32.13.3.rel1.win32_1.0.0.202411081344/tools/bin/../lib/gcc/arm-none-eabi/13.3.1/thumb/v7e-m+fp/hard\libgcc.a(_udivmoddi4.o)
                0x08000208                __udivmoddi4
 .text          0x08000500        0x4 E:/ST/STM32CubeIDE_1.18.1/STM32CubeIDE/plugins/com.st.stm32cube.ide.mcu.externaltools.gnu-tools-for-stm32.13.3.rel1.win32_1.0.0.202411081344/tools/bin/../lib/gcc/arm-none-eabi/13.3.1/thumb/v7e-m+fp/hard\libgcc.a(_dvmd_tls.o)
                0x08000500                __aeabi_idiv0
                0x08000500                __aeabi_ldiv0
 *(.text*)
 .text.Cleaning_Init
                0x08000504       0xf0 ./Core/Src/bsp_cleaning.o
                0x08000504                Cleaning_Init
 .text.Cleaning_SetBrush
                0x080005f4       0x22 ./Core/Src/bsp_cleaning.o
                0x080005f4                Cleaning_SetBrush
 *fill*         0x08000616        0x2 
 .text.Cleaning_SetBrushLeft
                0x08000618       0x24 ./Core/Src/bsp_cleaning.o
                0x08000618                Cleaning_SetBrushLeft
 .text.Cleaning_SetBrushRight
                0x0800063c       0x24 ./Core/Src/bsp_cleaning.o
                0x0800063c                Cleaning_SetBrushRight
 .text.Cleaning_SetPump
                0x08000660       0x24 ./Core/Src/bsp_cleaning.o
                0x08000660                Cleaning_SetPump
 .text.Cleaning_SetFan
                0x08000684       0x24 ./Core/Src/bsp_cleaning.o
                0x08000684                Cleaning_SetFan
 .text.clamp_norm
                0x080006a8       0x50 ./Core/Src/bsp_drivetrain.o
 .text.duty_to_ccr
                0x080006f8       0x6e ./Core/Src/bsp_drivetrain.o
 .text.set_wheel_user_map
                0x08000766      0x118 ./Core/Src/bsp_drivetrain.o
 *fill*         0x0800087e        0x2 
 .text.Drivetrain_Init
                0x08000880       0xd0 ./Core/Src/bsp_drivetrain.o
                0x08000880                Drivetrain_Init
 .text.Drivetrain_SetRaw
                0x08000950       0x60 ./Core/Src/bsp_drivetrain.o
                0x08000950                Drivetrain_SetRaw
 .text.Drivetrain_Stop
                0x080009b0       0x40 ./Core/Src/bsp_drivetrain.o
                0x080009b0                Drivetrain_Stop
 .text.Drivetrain_UnitToNorm
                0x080009f0       0xcc ./Core/Src/bsp_drivetrain.o
                0x080009f0                Drivetrain_UnitToNorm
 .text.Drivetrain_SetUnits
                0x08000abc       0x42 ./Core/Src/bsp_drivetrain.o
                0x08000abc                Drivetrain_SetUnits
 .text.Drivetrain_SetTwist
                0x08000afe       0x58 ./Core/Src/bsp_drivetrain.o
                0x08000afe                Drivetrain_SetTwist
 .text.Sensors_Init
                0x08000b56        0xc ./Core/Src/bsp_sensors.o
                0x08000b56                Sensors_Init
 *fill*         0x08000b62        0x2 
 .text.Sensors_ClearEvents
                0x08000b64       0x38 ./Core/Src/bsp_sensors.o
                0x08000b64                Sensors_ClearEvents
 .text.HAL_GPIO_EXTI_Callback
                0x08000b9c       0x60 ./Core/Src/bsp_sensors.o
                0x08000b9c                HAL_GPIO_EXTI_Callback
 .text.crc16_update
                0x08000bfc       0x62 ./Core/Src/comm_luban.o
 .text.crc16_compute
                0x08000c5e       0x46 ./Core/Src/comm_luban.o
 .text.rb_push  0x08000ca4       0x54 ./Core/Src/comm_luban.o
 .text.rb_pop   0x08000cf8       0x5c ./Core/Src/comm_luban.o
 .text.parser_reset
                0x08000d54       0x44 ./Core/Src/comm_luban.o
 .text.send_frame
                0x08000d98      0x1b0 ./Core/Src/comm_luban.o
 .text.send_error
                0x08000f48       0x1e ./Core/Src/comm_luban.o
 *fill*         0x08000f66        0x2 
 .text.handle_cmd_send_task
                0x08000f68       0x7c ./Core/Src/comm_luban.o
 .text.handle_cmd_request_status
                0x08000fe4       0x14 ./Core/Src/comm_luban.o
 .text.handle_cmd_cancel_task
                0x08000ff8       0x14 ./Core/Src/comm_luban.o
 .text.handle_cmd_emergency_stop
                0x0800100c       0x14 ./Core/Src/comm_luban.o
 .text.handle_cmd_set_twist
                0x08001020       0x98 ./Core/Src/comm_luban.o
 .text.handle_frame
                0x080010b8       0x9c ./Core/Src/comm_luban.o
 .text.Comm_Luban_Init
                0x08001154       0x64 ./Core/Src/comm_luban.o
                0x08001154                Comm_Luban_Init
 .text.Comm_UART1_TestInit
                0x080011b8       0x1c ./Core/Src/comm_luban.o
                0x080011b8                Comm_UART1_TestInit
 .text.Comm_Luban_Poll
                0x080011d4      0x204 ./Core/Src/comm_luban.o
                0x080011d4                Comm_Luban_Poll
 .text.Comm_Luban_SendStatus
                0x080013d8       0x40 ./Core/Src/comm_luban.o
                0x080013d8                Comm_Luban_SendStatus
 .text.HAL_UART_RxCpltCallback
                0x08001418       0x64 ./Core/Src/comm_luban.o
                0x08001418                HAL_UART_RxCpltCallback
 .text.Comm_Luban_Watchdog
                0x0800147c       0x2c ./Core/Src/comm_luban.o
                0x0800147c                Comm_Luban_Watchdog
 .text.MX_GPIO_Init
                0x080014a8      0x154 ./Core/Src/gpio.o
                0x080014a8                MX_GPIO_Init
 .text.main     0x080015fc       0x54 ./Core/Src/main.o
                0x080015fc                main
 .text.SystemClock_Config
                0x08001650       0xd4 ./Core/Src/main.o
                0x08001650                SystemClock_Config
 .text.Error_Handler
                0x08001724        0xc ./Core/Src/main.o
                0x08001724                Error_Handler
 .text.set_state
                0x08001730       0x3c ./Core/Src/robot_state_machine.o
 .text.RobotSM_Init
                0x0800176c        0xe ./Core/Src/robot_state_machine.o
                0x0800176c                RobotSM_Init
 *fill*         0x0800177a        0x2 
 .text.HAL_MspInit
                0x0800177c       0x50 ./Core/Src/stm32f4xx_hal_msp.o
                0x0800177c                HAL_MspInit
 .text.HAL_UART_MspInit
                0x080017cc      0x11c ./Core/Src/stm32f4xx_hal_msp.o
                0x080017cc                HAL_UART_MspInit
 .text.NMI_Handler
                0x080018e8        0x8 ./Core/Src/stm32f4xx_it.o
                0x080018e8                NMI_Handler
 .text.HardFault_Handler
                0x080018f0        0x8 ./Core/Src/stm32f4xx_it.o
                0x080018f0                HardFault_Handler
 .text.MemManage_Handler
                0x080018f8        0x8 ./Core/Src/stm32f4xx_it.o
                0x080018f8                MemManage_Handler
 .text.BusFault_Handler
                0x08001900        0x8 ./Core/Src/stm32f4xx_it.o
                0x08001900                BusFault_Handler
 .text.UsageFault_Handler
                0x08001908        0x8 ./Core/Src/stm32f4xx_it.o
                0x08001908                UsageFault_Handler
 .text.SVC_Handler
                0x08001910        0xe ./Core/Src/stm32f4xx_it.o
                0x08001910                SVC_Handler
 .text.DebugMon_Handler
                0x0800191e        0xe ./Core/Src/stm32f4xx_it.o
                0x0800191e                DebugMon_Handler
 .text.PendSV_Handler
                0x0800192c        0xe ./Core/Src/stm32f4xx_it.o
                0x0800192c                PendSV_Handler
 .text.SysTick_Handler
                0x0800193a        0xc ./Core/Src/stm32f4xx_it.o
                0x0800193a                SysTick_Handler
 .text.EXTI0_IRQHandler
                0x08001946        0xe ./Core/Src/stm32f4xx_it.o
                0x08001946                EXTI0_IRQHandler
 .text.EXTI4_IRQHandler
                0x08001954        0xe ./Core/Src/stm32f4xx_it.o
                0x08001954                EXTI4_IRQHandler
 .text.EXTI9_5_IRQHandler
                0x08001962        0xe ./Core/Src/stm32f4xx_it.o
                0x08001962                EXTI9_5_IRQHandler
 .text.EXTI15_10_IRQHandler
                0x08001970       0x10 ./Core/Src/stm32f4xx_it.o
                0x08001970                EXTI15_10_IRQHandler
 .text.USART1_IRQHandler
                0x08001980       0x14 ./Core/Src/stm32f4xx_it.o
                0x08001980                USART1_IRQHandler
 .text.USART3_IRQHandler
                0x08001994       0x14 ./Core/Src/stm32f4xx_it.o
                0x08001994                USART3_IRQHandler
 .text.SystemInit
                0x080019a8       0x24 ./Core/Src/system_stm32f4xx.o
                0x080019a8                SystemInit
 .text.MX_TIM2_Init
                0x080019cc       0xc8 ./Core/Src/tim.o
                0x080019cc                MX_TIM2_Init
 .text.MX_TIM3_Init
                0x08001a94       0xc8 ./Core/Src/tim.o
                0x08001a94                MX_TIM3_Init
 .text.MX_TIM4_Init
                0x08001b5c       0xb4 ./Core/Src/tim.o
                0x08001b5c                MX_TIM4_Init
 .text.MX_TIM8_Init
                0x08001c10      0x128 ./Core/Src/tim.o
                0x08001c10                MX_TIM8_Init
 .text.HAL_TIM_PWM_MspInit
                0x08001d38       0xc4 ./Core/Src/tim.o
                0x08001d38                HAL_TIM_PWM_MspInit
 .text.HAL_TIM_MspPostInit
                0x08001dfc      0x160 ./Core/Src/tim.o
                0x08001dfc                HAL_TIM_MspPostInit
 .text.MX_USART1_UART_Init
                0x08001f5c       0x54 ./Core/Src/usart.o
                0x08001f5c                MX_USART1_UART_Init
 .text.MX_USART3_UART_Init
                0x08001fb0       0x54 ./Core/Src/usart.o
                0x08001fb0                MX_USART3_UART_Init
 .text.Reset_Handler
                0x08002004       0x50 ./Core/Startup/startup_stm32f407vgtx.o
                0x08002004                Reset_Handler
 .text.Default_Handler
                0x08002054        0x2 ./Core/Startup/startup_stm32f407vgtx.o
                0x08002054                RTC_Alarm_IRQHandler
                0x08002054                HASH_RNG_IRQHandler
                0x08002054                EXTI2_IRQHandler
                0x08002054                TIM8_CC_IRQHandler
                0x08002054                TIM1_CC_IRQHandler
                0x08002054                DMA2_Stream5_IRQHandler
                0x08002054                DMA1_Stream5_IRQHandler
                0x08002054                PVD_IRQHandler
                0x08002054                SDIO_IRQHandler
                0x08002054                TAMP_STAMP_IRQHandler
                0x08002054                CAN2_RX1_IRQHandler
                0x08002054                EXTI3_IRQHandler
                0x08002054                TIM8_TRG_COM_TIM14_IRQHandler
                0x08002054                TIM1_UP_TIM10_IRQHandler
                0x08002054                TIM8_UP_TIM13_IRQHandler
                0x08002054                I2C3_ER_IRQHandler
                0x08002054                I2C2_EV_IRQHandler
                0x08002054                DMA1_Stream2_IRQHandler
                0x08002054                CAN1_RX0_IRQHandler
                0x08002054                FPU_IRQHandler
                0x08002054                OTG_HS_WKUP_IRQHandler
                0x08002054                CAN2_SCE_IRQHandler
                0x08002054                DMA2_Stream2_IRQHandler
                0x08002054                SPI1_IRQHandler
                0x08002054                TIM6_DAC_IRQHandler
                0x08002054                TIM1_BRK_TIM9_IRQHandler
                0x08002054                DCMI_IRQHandler
                0x08002054                CAN2_RX0_IRQHandler
                0x08002054                DMA2_Stream3_IRQHandler
                0x08002054                USART6_IRQHandler
                0x08002054                CAN1_RX1_IRQHandler
                0x08002054                UART5_IRQHandler
                0x08002054                DMA2_Stream0_IRQHandler
                0x08002054                TIM4_IRQHandler
                0x08002054                I2C1_EV_IRQHandler
                0x08002054                DMA1_Stream6_IRQHandler
                0x08002054                DMA1_Stream1_IRQHandler
                0x08002054                UART4_IRQHandler
                0x08002054                TIM3_IRQHandler
                0x08002054                RCC_IRQHandler
                0x08002054                TIM8_BRK_TIM12_IRQHandler
                0x08002054                Default_Handler
                0x08002054                ADC_IRQHandler
                0x08002054                DMA1_Stream7_IRQHandler
                0x08002054                TIM7_IRQHandler
                0x08002054                CAN2_TX_IRQHandler
                0x08002054                TIM5_IRQHandler
                0x08002054                DMA2_Stream7_IRQHandler
                0x08002054                I2C3_EV_IRQHandler
                0x08002054                RTC_WKUP_IRQHandler
                0x08002054                ETH_WKUP_IRQHandler
                0x08002054                SPI2_IRQHandler
                0x08002054                OTG_HS_EP1_IN_IRQHandler
                0x08002054                DMA1_Stream0_IRQHandler
                0x08002054                CAN1_TX_IRQHandler
                0x08002054                FSMC_IRQHandler
                0x08002054                ETH_IRQHandler
                0x08002054                OTG_HS_EP1_OUT_IRQHandler
                0x08002054                WWDG_IRQHandler
                0x08002054                TIM2_IRQHandler
                0x08002054                OTG_FS_WKUP_IRQHandler
                0x08002054                TIM1_TRG_COM_TIM11_IRQHandler
                0x08002054                OTG_HS_IRQHandler
                0x08002054                EXTI1_IRQHandler
                0x08002054                USART2_IRQHandler
                0x08002054                I2C2_ER_IRQHandler
                0x08002054                DMA2_Stream1_IRQHandler
                0x08002054                CAN1_SCE_IRQHandler
                0x08002054                FLASH_IRQHandler
                0x08002054                DMA2_Stream4_IRQHandler
                0x08002054                OTG_FS_IRQHandler
                0x08002054                SPI3_IRQHandler
                0x08002054                DMA1_Stream4_IRQHandler
                0x08002054                I2C1_ER_IRQHandler
                0x08002054                DMA2_Stream6_IRQHandler
                0x08002054                DMA1_Stream3_IRQHandler
 *fill*         0x08002056        0x2 
 .text.HAL_Init
                0x08002058       0x44 ./Drivers/STM32F4xx_HAL_Driver/Src/stm32f4xx_hal.o
                0x08002058                HAL_Init
 .text.HAL_InitTick
                0x0800209c       0x60 ./Drivers/STM32F4xx_HAL_Driver/Src/stm32f4xx_hal.o
                0x0800209c                HAL_InitTick
 .text.HAL_IncTick
                0x080020fc       0x28 ./Drivers/STM32F4xx_HAL_Driver/Src/stm32f4xx_hal.o
                0x080020fc                HAL_IncTick
 .text.HAL_GetTick
                0x08002124       0x18 ./Drivers/STM32F4xx_HAL_Driver/Src/stm32f4xx_hal.o
                0x08002124                HAL_GetTick
 .text.__NVIC_SetPriorityGrouping
                0x0800213c       0x48 ./Drivers/STM32F4xx_HAL_Driver/Src/stm32f4xx_hal_cortex.o
 .text.__NVIC_GetPriorityGrouping
                0x08002184       0x1c ./Drivers/STM32F4xx_HAL_Driver/Src/stm32f4xx_hal_cortex.o
 .text.__NVIC_EnableIRQ
                0x080021a0       0x3c ./Drivers/STM32F4xx_HAL_Driver/Src/stm32f4xx_hal_cortex.o
 .text.__NVIC_SetPriority
                0x080021dc       0x54 ./Drivers/STM32F4xx_HAL_Driver/Src/stm32f4xx_hal_cortex.o
 .text.NVIC_EncodePriority
                0x08002230       0x66 ./Drivers/STM32F4xx_HAL_Driver/Src/stm32f4xx_hal_cortex.o
 *fill*         0x08002296        0x2 
 .text.SysTick_Config
                0x08002298       0x44 ./Drivers/STM32F4xx_HAL_Driver/Src/stm32f4xx_hal_cortex.o
 .text.HAL_NVIC_SetPriorityGrouping
                0x080022dc       0x16 ./Drivers/STM32F4xx_HAL_Driver/Src/stm32f4xx_hal_cortex.o
                0x080022dc                HAL_NVIC_SetPriorityGrouping
 .text.HAL_NVIC_SetPriority
                0x080022f2       0x38 ./Drivers/STM32F4xx_HAL_Driver/Src/stm32f4xx_hal_cortex.o
                0x080022f2                HAL_NVIC_SetPriority
 .text.HAL_NVIC_EnableIRQ
                0x0800232a       0x1c ./Drivers/STM32F4xx_HAL_Driver/Src/stm32f4xx_hal_cortex.o
                0x0800232a                HAL_NVIC_EnableIRQ
 .text.HAL_SYSTICK_Config
                0x08002346       0x18 ./Drivers/STM32F4xx_HAL_Driver/Src/stm32f4xx_hal_cortex.o
                0x08002346                HAL_SYSTICK_Config
 .text.HAL_DMA_Abort
                0x0800235e       0xe0 ./Drivers/STM32F4xx_HAL_Driver/Src/stm32f4xx_hal_dma.o
                0x0800235e                HAL_DMA_Abort
 .text.HAL_DMA_Abort_IT
                0x0800243e       0x44 ./Drivers/STM32F4xx_HAL_Driver/Src/stm32f4xx_hal_dma.o
                0x0800243e                HAL_DMA_Abort_IT
 *fill*         0x08002482        0x2 
 .text.HAL_GPIO_Init
                0x08002484      0x338 ./Drivers/STM32F4xx_HAL_Driver/Src/stm32f4xx_hal_gpio.o
                0x08002484                HAL_GPIO_Init
 .text.HAL_GPIO_WritePin
                0x080027bc       0x32 ./Drivers/STM32F4xx_HAL_Driver/Src/stm32f4xx_hal_gpio.o
                0x080027bc                HAL_GPIO_WritePin
 *fill*         0x080027ee        0x2 
 .text.HAL_GPIO_EXTI_IRQHandler
                0x080027f0       0x30 ./Drivers/STM32F4xx_HAL_Driver/Src/stm32f4xx_hal_gpio.o
                0x080027f0                HAL_GPIO_EXTI_IRQHandler
 .text.HAL_RCC_OscConfig
                0x08002820      0x4f0 ./Drivers/STM32F4xx_HAL_Driver/Src/stm32f4xx_hal_rcc.o
                0x08002820                HAL_RCC_OscConfig
 .text.HAL_RCC_ClockConfig
                0x08002d10      0x1cc ./Drivers/STM32F4xx_HAL_Driver/Src/stm32f4xx_hal_rcc.o
                0x08002d10                HAL_RCC_ClockConfig
 .text.HAL_RCC_GetSysClockFreq
                0x08002edc      0x20c ./Drivers/STM32F4xx_HAL_Driver/Src/stm32f4xx_hal_rcc.o
                0x08002edc                HAL_RCC_GetSysClockFreq
 .text.HAL_RCC_GetHCLKFreq
                0x080030e8       0x18 ./Drivers/STM32F4xx_HAL_Driver/Src/stm32f4xx_hal_rcc.o
                0x080030e8                HAL_RCC_GetHCLKFreq
 .text.HAL_RCC_GetPCLK1Freq
                0x08003100       0x28 ./Drivers/STM32F4xx_HAL_Driver/Src/stm32f4xx_hal_rcc.o
                0x08003100                HAL_RCC_GetPCLK1Freq
 .text.HAL_RCC_GetPCLK2Freq
                0x08003128       0x28 ./Drivers/STM32F4xx_HAL_Driver/Src/stm32f4xx_hal_rcc.o
                0x08003128                HAL_RCC_GetPCLK2Freq
 .text.HAL_TIM_PWM_Init
                0x08003150       0x9e ./Drivers/STM32F4xx_HAL_Driver/Src/stm32f4xx_hal_tim.o
                0x08003150                HAL_TIM_PWM_Init
 *fill*         0x080031ee        0x2 
 .text.HAL_TIM_PWM_Start
                0x080031f0      0x190 ./Drivers/STM32F4xx_HAL_Driver/Src/stm32f4xx_hal_tim.o
                0x080031f0                HAL_TIM_PWM_Start
 .text.HAL_TIM_PWM_Stop
                0x08003380       0xe0 ./Drivers/STM32F4xx_HAL_Driver/Src/stm32f4xx_hal_tim.o
                0x08003380                HAL_TIM_PWM_Stop
 .text.HAL_TIM_PWM_ConfigChannel
                0x08003460      0x184 ./Drivers/STM32F4xx_HAL_Driver/Src/stm32f4xx_hal_tim.o
                0x08003460                HAL_TIM_PWM_ConfigChannel
 .text.TIM_Base_SetConfig
                0x080035e4      0x14c ./Drivers/STM32F4xx_HAL_Driver/Src/stm32f4xx_hal_tim.o
                0x080035e4                TIM_Base_SetConfig
 .text.TIM_OC1_SetConfig
                0x08003730       0xe0 ./Drivers/STM32F4xx_HAL_Driver/Src/stm32f4xx_hal_tim.o
 .text.TIM_OC2_SetConfig
                0x08003810       0xec ./Drivers/STM32F4xx_HAL_Driver/Src/stm32f4xx_hal_tim.o
                0x08003810                TIM_OC2_SetConfig
 .text.TIM_OC3_SetConfig
                0x080038fc       0xe8 ./Drivers/STM32F4xx_HAL_Driver/Src/stm32f4xx_hal_tim.o
 .text.TIM_OC4_SetConfig
                0x080039e4       0xac ./Drivers/STM32F4xx_HAL_Driver/Src/stm32f4xx_hal_tim.o
 .text.TIM_CCxChannelCmd
                0x08003a90       0x4a ./Drivers/STM32F4xx_HAL_Driver/Src/stm32f4xx_hal_tim.o
                0x08003a90                TIM_CCxChannelCmd
 *fill*         0x08003ada        0x2 
 .text.HAL_TIMEx_MasterConfigSynchronization
                0x08003adc       0xf8 ./Drivers/STM32F4xx_HAL_Driver/Src/stm32f4xx_hal_tim_ex.o
                0x08003adc                HAL_TIMEx_MasterConfigSynchronization
 .text.HAL_TIMEx_ConfigBreakDeadTime
                0x08003bd4       0xa4 ./Drivers/STM32F4xx_HAL_Driver/Src/stm32f4xx_hal_tim_ex.o
                0x08003bd4                HAL_TIMEx_ConfigBreakDeadTime
 .text.HAL_UART_Init
                0x08003c78       0xa0 ./Drivers/STM32F4xx_HAL_Driver/Src/stm32f4xx_hal_uart.o
                0x08003c78                HAL_UART_Init
 .text.HAL_UART_Transmit
                0x08003d18      0x116 ./Drivers/STM32F4xx_HAL_Driver/Src/stm32f4xx_hal_uart.o
                0x08003d18                HAL_UART_Transmit
 .text.HAL_UART_Receive_IT
                0x08003e2e       0x4a ./Drivers/STM32F4xx_HAL_Driver/Src/stm32f4xx_hal_uart.o
                0x08003e2e                HAL_UART_Receive_IT
 .text.HAL_UART_IRQHandler
                0x08003e78      0x554 ./Drivers/STM32F4xx_HAL_Driver/Src/stm32f4xx_hal_uart.o
                0x08003e78                HAL_UART_IRQHandler
 .text.HAL_UART_TxCpltCallback
                0x080043cc       0x14 ./Drivers/STM32F4xx_HAL_Driver/Src/stm32f4xx_hal_uart.o
                0x080043cc                HAL_UART_TxCpltCallback
 .text.HAL_UART_ErrorCallback
                0x080043e0       0x14 ./Drivers/STM32F4xx_HAL_Driver/Src/stm32f4xx_hal_uart.o
                0x080043e0                HAL_UART_ErrorCallback
 .text.HAL_UARTEx_RxEventCallback
                0x080043f4       0x18 ./Drivers/STM32F4xx_HAL_Driver/Src/stm32f4xx_hal_uart.o
                0x080043f4                HAL_UARTEx_RxEventCallback
 .text.UART_WaitOnFlagUntilTimeout
                0x0800440c       0xb2 ./Drivers/STM32F4xx_HAL_Driver/Src/stm32f4xx_hal_uart.o
 .text.UART_Start_Receive_IT
                0x080044be       0x74 ./Drivers/STM32F4xx_HAL_Driver/Src/stm32f4xx_hal_uart.o
                0x080044be                UART_Start_Receive_IT
 .text.UART_EndRxTransfer
                0x08004532       0xc6 ./Drivers/STM32F4xx_HAL_Driver/Src/stm32f4xx_hal_uart.o
 .text.UART_DMAAbortOnError
                0x080045f8       0x22 ./Drivers/STM32F4xx_HAL_Driver/Src/stm32f4xx_hal_uart.o
 .text.UART_Transmit_IT
                0x0800461a       0xa0 ./Drivers/STM32F4xx_HAL_Driver/Src/stm32f4xx_hal_uart.o
 .text.UART_EndTransmit_IT
                0x080046ba       0x30 ./Drivers/STM32F4xx_HAL_Driver/Src/stm32f4xx_hal_uart.o
 .text.UART_Receive_IT
                0x080046ea      0x17c ./Drivers/STM32F4xx_HAL_Driver/Src/stm32f4xx_hal_uart.o
 *fill*         0x08004866        0x2 
 .text.UART_SetConfig
                0x08004868      0x4e8 ./Drivers/STM32F4xx_HAL_Driver/Src/stm32f4xx_hal_uart.o
 .text.memset   0x08004d50       0x10 E:/ST/STM32CubeIDE_1.18.1/STM32CubeIDE/plugins/com.st.stm32cube.ide.mcu.externaltools.gnu-tools-for-stm32.13.3.rel1.win32_1.0.0.202411081344/tools/bin/../lib/gcc/arm-none-eabi/13.3.1/../../../../arm-none-eabi/lib/thumb/v7e-m+fp/hard\libc_nano.a(libc_a-memset.o)
                0x08004d50                memset
 .text.__libc_init_array
                0x08004d60       0x48 E:/ST/STM32CubeIDE_1.18.1/STM32CubeIDE/plugins/com.st.stm32cube.ide.mcu.externaltools.gnu-tools-for-stm32.13.3.rel1.win32_1.0.0.202411081344/tools/bin/../lib/gcc/arm-none-eabi/13.3.1/../../../../arm-none-eabi/lib/thumb/v7e-m+fp/hard\libc_nano.a(libc_a-init.o)
                0x08004d60                __libc_init_array
 .text.memcpy   0x08004da8       0x1c E:/ST/STM32CubeIDE_1.18.1/STM32CubeIDE/plugins/com.st.stm32cube.ide.mcu.externaltools.gnu-tools-for-stm32.13.3.rel1.win32_1.0.0.202411081344/tools/bin/../lib/gcc/arm-none-eabi/13.3.1/../../../../arm-none-eabi/lib/thumb/v7e-m+fp/hard\libc_nano.a(libc_a-memcpy-stub.o)
                0x08004da8                memcpy
 *(.glue_7)
 .glue_7        0x08004dc4        0x0 linker stubs
 *(.glue_7t)
 .glue_7t       0x08004dc4        0x0 linker stubs
 *(.eh_frame)
 .eh_frame      0x08004dc4        0x0 E:/ST/STM32CubeIDE_1.18.1/STM32CubeIDE/plugins/com.st.stm32cube.ide.mcu.externaltools.gnu-tools-for-stm32.13.3.rel1.win32_1.0.0.202411081344/tools/bin/../lib/gcc/arm-none-eabi/13.3.1/thumb/v7e-m+fp/hard/crtbegin.o
 *(.init)
 .init          0x08004dc4        0x4 E:/ST/STM32CubeIDE_1.18.1/STM32CubeIDE/plugins/com.st.stm32cube.ide.mcu.externaltools.gnu-tools-for-stm32.13.3.rel1.win32_1.0.0.202411081344/tools/bin/../lib/gcc/arm-none-eabi/13.3.1/thumb/v7e-m+fp/hard/crti.o
                0x08004dc4                _init
 .init          0x08004dc8        0x8 E:/ST/STM32CubeIDE_1.18.1/STM32CubeIDE/plugins/com.st.stm32cube.ide.mcu.externaltools.gnu-tools-for-stm32.13.3.rel1.win32_1.0.0.202411081344/tools/bin/../lib/gcc/arm-none-eabi/13.3.1/thumb/v7e-m+fp/hard/crtn.o
 *(.fini)
 .fini          0x08004dd0        0x4 E:/ST/STM32CubeIDE_1.18.1/STM32CubeIDE/plugins/com.st.stm32cube.ide.mcu.externaltools.gnu-tools-for-stm32.13.3.rel1.win32_1.0.0.202411081344/tools/bin/../lib/gcc/arm-none-eabi/13.3.1/thumb/v7e-m+fp/hard/crti.o
                0x08004dd0                _fini
 .fini          0x08004dd4        0x8 E:/ST/STM32CubeIDE_1.18.1/STM32CubeIDE/plugins/com.st.stm32cube.ide.mcu.externaltools.gnu-tools-for-stm32.13.3.rel1.win32_1.0.0.202411081344/tools/bin/../lib/gcc/arm-none-eabi/13.3.1/thumb/v7e-m+fp/hard/crtn.o
                0x08004ddc                        . = ALIGN (0x4)
                0x08004ddc                        _etext = .

.vfp11_veneer   0x08004ddc        0x0
 .vfp11_veneer  0x08004ddc        0x0 linker stubs

.v4_bx          0x08004ddc        0x0
 .v4_bx         0x08004ddc        0x0 linker stubs

.iplt           0x08004ddc        0x0
 .iplt          0x08004ddc        0x0 E:/ST/STM32CubeIDE_1.18.1/STM32CubeIDE/plugins/com.st.stm32cube.ide.mcu.externaltools.gnu-tools-for-stm32.13.3.rel1.win32_1.0.0.202411081344/tools/bin/../lib/gcc/arm-none-eabi/13.3.1/thumb/v7e-m+fp/hard/crtbegin.o

.rodata         0x08004ddc       0x44
                0x08004ddc                        . = ALIGN (0x4)
 *(.rodata)
 .rodata        0x08004ddc       0x29 ./Core/Src/comm_luban.o
 *(.rodata*)
 *fill*         0x08004e05        0x3 
 .rodata.AHBPrescTable
                0x08004e08       0x10 ./Core/Src/system_stm32f4xx.o
                0x08004e08                AHBPrescTable
 .rodata.APBPrescTable
                0x08004e18        0x8 ./Core/Src/system_stm32f4xx.o
                0x08004e18                APBPrescTable
                0x08004e20                        . = ALIGN (0x4)

.ARM.extab      0x08004e20        0x0
                0x08004e20                        . = ALIGN (0x4)
 *(.ARM.extab* .gnu.linkonce.armextab.*)
                0x08004e20                        . = ALIGN (0x4)

.ARM            0x08004e20        0x8
                0x08004e20                        . = ALIGN (0x4)
                0x08004e20                        __exidx_start = .
 *(.ARM.exidx*)
 .ARM.exidx     0x08004e20        0x8 E:/ST/STM32CubeIDE_1.18.1/STM32CubeIDE/plugins/com.st.stm32cube.ide.mcu.externaltools.gnu-tools-for-stm32.13.3.rel1.win32_1.0.0.202411081344/tools/bin/../lib/gcc/arm-none-eabi/13.3.1/../../../../arm-none-eabi/lib/thumb/v7e-m+fp/hard\libc_nano.a(libc_a-strlen.o)
 .ARM.exidx     0x08004e28        0x0 E:/ST/STM32CubeIDE_1.18.1/STM32CubeIDE/plugins/com.st.stm32cube.ide.mcu.externaltools.gnu-tools-for-stm32.13.3.rel1.win32_1.0.0.202411081344/tools/bin/../lib/gcc/arm-none-eabi/13.3.1/thumb/v7e-m+fp/hard\libgcc.a(_udivmoddi4.o)
                                  0x8 (size before relaxing)
                0x08004e28                        __exidx_end = .
                0x08004e28                        . = ALIGN (0x4)

.preinit_array  0x08004e28        0x0
                0x08004e28                        . = ALIGN (0x4)
                0x08004e28                        PROVIDE (__preinit_array_start = .)
 *(.preinit_array*)
                0x08004e28                        PROVIDE (__preinit_array_end = .)
                0x08004e28                        . = ALIGN (0x4)

.init_array     0x08004e28        0x4
                0x08004e28                        . = ALIGN (0x4)
                0x08004e28                        PROVIDE (__init_array_start = .)
 *(SORT_BY_NAME(.init_array.*))
 *(.init_array*)
 .init_array    0x08004e28        0x4 E:/ST/STM32CubeIDE_1.18.1/STM32CubeIDE/plugins/com.st.stm32cube.ide.mcu.externaltools.gnu-tools-for-stm32.13.3.rel1.win32_1.0.0.202411081344/tools/bin/../lib/gcc/arm-none-eabi/13.3.1/thumb/v7e-m+fp/hard/crtbegin.o
                0x08004e2c                        PROVIDE (__init_array_end = .)
                0x08004e2c                        . = ALIGN (0x4)

.fini_array     0x08004e2c        0x4
                0x08004e2c                        . = ALIGN (0x4)
                [!provide]                        PROVIDE (__fini_array_start = .)
 *(SORT_BY_NAME(.fini_array.*))
 *(.fini_array*)
 .fini_array    0x08004e2c        0x4 E:/ST/STM32CubeIDE_1.18.1/STM32CubeIDE/plugins/com.st.stm32cube.ide.mcu.externaltools.gnu-tools-for-stm32.13.3.rel1.win32_1.0.0.202411081344/tools/bin/../lib/gcc/arm-none-eabi/13.3.1/thumb/v7e-m+fp/hard/crtbegin.o
                [!provide]                        PROVIDE (__fini_array_end = .)
                0x08004e30                        . = ALIGN (0x4)
                0x08004e30                        _sidata = LOADADDR (.data)

.rel.dyn        0x08004e30        0x0
 .rel.iplt      0x08004e30        0x0 E:/ST/STM32CubeIDE_1.18.1/STM32CubeIDE/plugins/com.st.stm32cube.ide.mcu.externaltools.gnu-tools-for-stm32.13.3.rel1.win32_1.0.0.202411081344/tools/bin/../lib/gcc/arm-none-eabi/13.3.1/thumb/v7e-m+fp/hard/crtbegin.o

.data           0x20000000        0xc load address 0x08004e30
                0x20000000                        . = ALIGN (0x4)
                0x20000000                        _sdata = .
 *(.data)
 *(.data*)
 .data.SystemCoreClock
                0x20000000        0x4 ./Core/Src/system_stm32f4xx.o
                0x20000000                SystemCoreClock
 .data.uwTickPrio
                0x20000004        0x4 ./Drivers/STM32F4xx_HAL_Driver/Src/stm32f4xx_hal.o
                0x20000004                uwTickPrio
 .data.uwTickFreq
                0x20000008        0x1 ./Drivers/STM32F4xx_HAL_Driver/Src/stm32f4xx_hal.o
                0x20000008                uwTickFreq
 *(.RamFunc)
 *(.RamFunc*)
                0x2000000c                        . = ALIGN (0x4)
 *fill*         0x20000009        0x3 
                0x2000000c                        _edata = .
                0x08004e3c                        _siccmram = LOADADDR (.ccmram)

.igot.plt       0x2000000c        0x0 load address 0x08004e3c
 .igot.plt      0x2000000c        0x0 E:/ST/STM32CubeIDE_1.18.1/STM32CubeIDE/plugins/com.st.stm32cube.ide.mcu.externaltools.gnu-tools-for-stm32.13.3.rel1.win32_1.0.0.202411081344/tools/bin/../lib/gcc/arm-none-eabi/13.3.1/thumb/v7e-m+fp/hard/crtbegin.o

.ccmram         0x10000000        0x0 load address 0x08004e3c
                0x10000000                        . = ALIGN (0x4)
                0x10000000                        _sccmram = .
 *(.ccmram)
 *(.ccmram*)
                0x10000000                        . = ALIGN (0x4)
                0x10000000                        _eccmram = .
                0x10000000                        . = ALIGN (0x4)

.bss            0x2000000c      0x514
                0x2000000c                        _sbss = .
                0x2000000c                        __bss_start__ = _sbss
 *(.bss)
 .bss           0x2000000c       0x1c E:/ST/STM32CubeIDE_1.18.1/STM32CubeIDE/plugins/com.st.stm32cube.ide.mcu.externaltools.gnu-tools-for-stm32.13.3.rel1.win32_1.0.0.202411081344/tools/bin/../lib/gcc/arm-none-eabi/13.3.1/thumb/v7e-m+fp/hard/crtbegin.o
 *(.bss*)
 .bss.s_events  0x20000028        0x5 ./Core/Src/bsp_sensors.o
 *fill*         0x2000002d        0x3 
 .bss.s_huart   0x20000030        0x4 ./Core/Src/comm_luban.o
 .bss.s_rx_byte
                0x20000034        0x1 ./Core/Src/comm_luban.o
 .bss.s_uart1_rx_byte
                0x20000035        0x1 ./Core/Src/comm_luban.o
 .bss.s_rb_head
                0x20000036        0x2 ./Core/Src/comm_luban.o
 .bss.s_rb_tail
                0x20000038        0x2 ./Core/Src/comm_luban.o
 *fill*         0x2000003a        0x2 
 .bss.s_rb_data
                0x2000003c      0x200 ./Core/Src/comm_luban.o
 .bss.s_parser  0x2000023c      0x10a ./Core/Src/comm_luban.o
 *fill*         0x20000346        0x2 
 .bss.s_last_task
                0x20000348       0x10 ./Core/Src/comm_luban.o
 .bss.s_task_pending
                0x20000358        0x1 ./Core/Src/comm_luban.o
 *fill*         0x20000359        0x3 
 .bss.s_last_twist_tick
                0x2000035c        0x4 ./Core/Src/comm_luban.o
 .bss.s_state   0x20000360        0x1 ./Core/Src/robot_state_machine.o
 *fill*         0x20000361        0x3 
 .bss.s_state_enter_ms
                0x20000364        0x4 ./Core/Src/robot_state_machine.o
 .bss.s_front_phase
                0x20000368        0x1 ./Core/Src/robot_state_machine.o
 *fill*         0x20000369        0x3 
 .bss.htim2     0x2000036c       0x48 ./Core/Src/tim.o
                0x2000036c                htim2
 .bss.htim3     0x200003b4       0x48 ./Core/Src/tim.o
                0x200003b4                htim3
 .bss.htim4     0x200003fc       0x48 ./Core/Src/tim.o
                0x200003fc                htim4
 .bss.htim8     0x20000444       0x48 ./Core/Src/tim.o
                0x20000444                htim8
 .bss.huart1    0x2000048c       0x48 ./Core/Src/usart.o
                0x2000048c                huart1
 .bss.huart3    0x200004d4       0x48 ./Core/Src/usart.o
                0x200004d4                huart3
 .bss.uwTick    0x2000051c        0x4 ./Drivers/STM32F4xx_HAL_Driver/Src/stm32f4xx_hal.o
                0x2000051c                uwTick
 *(COMMON)
                0x20000520                        . = ALIGN (0x4)
                0x20000520                        _ebss = .
                0x20000520                        __bss_end__ = _ebss

._user_heap_stack
                0x20000520      0x600
                0x20000520                        . = ALIGN (0x8)
                [!provide]                        PROVIDE (end = .)
                0x20000520                        PROVIDE (_end = .)
                0x20000720                        . = (. + _Min_Heap_Size)
 *fill*         0x20000520      0x200 
                0x20000b20                        . = (. + _Min_Stack_Size)
 *fill*         0x20000720      0x400 
                0x20000b20                        . = ALIGN (0x8)

/DISCARD/
 libc.a(*)
 libm.a(*)
 libgcc.a(*)

.ARM.attributes
                0x00000000       0x30
 *(.ARM.attributes)
 .ARM.attributes
                0x00000000       0x22 E:/ST/STM32CubeIDE_1.18.1/STM32CubeIDE/plugins/com.st.stm32cube.ide.mcu.externaltools.gnu-tools-for-stm32.13.3.rel1.win32_1.0.0.202411081344/tools/bin/../lib/gcc/arm-none-eabi/13.3.1/thumb/v7e-m+fp/hard/crti.o
 .ARM.attributes
                0x00000022       0x34 E:/ST/STM32CubeIDE_1.18.1/STM32CubeIDE/plugins/com.st.stm32cube.ide.mcu.externaltools.gnu-tools-for-stm32.13.3.rel1.win32_1.0.0.202411081344/tools/bin/../lib/gcc/arm-none-eabi/13.3.1/thumb/v7e-m+fp/hard/crtbegin.o
 .ARM.attributes
                0x00000056       0x34 ./Core/Src/bsp_cleaning.o
 .ARM.attributes
                0x0000008a       0x34 ./Core/Src/bsp_drivetrain.o
 .ARM.attributes
                0x000000be       0x34 ./Core/Src/bsp_sensors.o
 .ARM.attributes
                0x000000f2       0x34 ./Core/Src/comm_luban.o
 .ARM.attributes
                0x00000126       0x34 ./Core/Src/gpio.o
 .ARM.attributes
                0x0000015a       0x34 ./Core/Src/main.o
 .ARM.attributes
                0x0000018e       0x34 ./Core/Src/robot_state_machine.o
 .ARM.attributes
                0x000001c2       0x34 ./Core/Src/stm32f4xx_hal_msp.o
 .ARM.attributes
                0x000001f6       0x34 ./Core/Src/stm32f4xx_it.o
 .ARM.attributes
                0x0000022a       0x34 ./Core/Src/system_stm32f4xx.o
 .ARM.attributes
                0x0000025e       0x34 ./Core/Src/tim.o
 .ARM.attributes
                0x00000292       0x34 ./Core/Src/usart.o
 .ARM.attributes
                0x000002c6       0x21 ./Core/Startup/startup_stm32f407vgtx.o
 .ARM.attributes
                0x000002e7       0x34 ./Drivers/STM32F4xx_HAL_Driver/Src/stm32f4xx_hal.o
 .ARM.attributes
                0x0000031b       0x34 ./Drivers/STM32F4xx_HAL_Driver/Src/stm32f4xx_hal_cortex.o
 .ARM.attributes
                0x0000034f       0x34 ./Drivers/STM32F4xx_HAL_Driver/Src/stm32f4xx_hal_dma.o
 .ARM.attributes
                0x00000383       0x34 ./Drivers/STM32F4xx_HAL_Driver/Src/stm32f4xx_hal_gpio.o
 .ARM.attributes
                0x000003b7       0x34 ./Drivers/STM32F4xx_HAL_Driver/Src/stm32f4xx_hal_rcc.o
 .ARM.attributes
                0x000003eb       0x34 ./Drivers/STM32F4xx_HAL_Driver/Src/stm32f4xx_hal_tim.o
 .ARM.attributes
                0x0000041f       0x34 ./Drivers/STM32F4xx_HAL_Driver/Src/stm32f4xx_hal_tim_ex.o
 .ARM.attributes
                0x00000453       0x34 ./Drivers/STM32F4xx_HAL_Driver/Src/stm32f4xx_hal_uart.o
 .ARM.attributes
                0x00000487       0x34 E:/ST/STM32CubeIDE_1.18.1/STM32CubeIDE/plugins/com.st.stm32cube.ide.mcu.externaltools.gnu-tools-for-stm32.13.3.rel1.win32_1.0.0.202411081344/tools/bin/../lib/gcc/arm-none-eabi/13.3.1/../../../../arm-none-eabi/lib/thumb/v7e-m+fp/hard\libc_nano.a(libc_a-memset.o)
 .ARM.attributes
                0x000004bb       0x34 E:/ST/STM32CubeIDE_1.18.1/STM32CubeIDE/plugins/com.st.stm32cube.ide.mcu.externaltools.gnu-tools-for-stm32.13.3.rel1.win32_1.0.0.202411081344/tools/bin/../lib/gcc/arm-none-eabi/13.3.1/../../../../arm-none-eabi/lib/thumb/v7e-m+fp/hard\libc_nano.a(libc_a-init.o)
 .ARM.attributes
                0x000004ef       0x34 E:/ST/STM32CubeIDE_1.18.1/STM32CubeIDE/plugins/com.st.stm32cube.ide.mcu.externaltools.gnu-tools-for-stm32.13.3.rel1.win32_1.0.0.202411081344/tools/bin/../lib/gcc/arm-none-eabi/13.3.1/../../../../arm-none-eabi/lib/thumb/v7e-m+fp/hard\libc_nano.a(libc_a-memcpy-stub.o)
 .ARM.attributes
                0x00000523       0x17 E:/ST/STM32CubeIDE_1.18.1/STM32CubeIDE/plugins/com.st.stm32cube.ide.mcu.externaltools.gnu-tools-for-stm32.13.3.rel1.win32_1.0.0.202411081344/tools/bin/../lib/gcc/arm-none-eabi/13.3.1/../../../../arm-none-eabi/lib/thumb/v7e-m+fp/hard\libc_nano.a(libc_a-strlen.o)
 .ARM.attributes
                0x0000053a       0x22 E:/ST/STM32CubeIDE_1.18.1/STM32CubeIDE/plugins/com.st.stm32cube.ide.mcu.externaltools.gnu-tools-for-stm32.13.3.rel1.win32_1.0.0.202411081344/tools/bin/../lib/gcc/arm-none-eabi/13.3.1/thumb/v7e-m+fp/hard\libgcc.a(_aeabi_uldivmod.o)
 .ARM.attributes
                0x0000055c       0x34 E:/ST/STM32CubeIDE_1.18.1/STM32CubeIDE/plugins/com.st.stm32cube.ide.mcu.externaltools.gnu-tools-for-stm32.13.3.rel1.win32_1.0.0.202411081344/tools/bin/../lib/gcc/arm-none-eabi/13.3.1/thumb/v7e-m+fp/hard\libgcc.a(_udivmoddi4.o)
 .ARM.attributes
                0x00000590       0x22 E:/ST/STM32CubeIDE_1.18.1/STM32CubeIDE/plugins/com.st.stm32cube.ide.mcu.externaltools.gnu-tools-for-stm32.13.3.rel1.win32_1.0.0.202411081344/tools/bin/../lib/gcc/arm-none-eabi/13.3.1/thumb/v7e-m+fp/hard\libgcc.a(_dvmd_tls.o)
 .ARM.attributes
                0x000005b2       0x22 E:/ST/STM32CubeIDE_1.18.1/STM32CubeIDE/plugins/com.st.stm32cube.ide.mcu.externaltools.gnu-tools-for-stm32.13.3.rel1.win32_1.0.0.202411081344/tools/bin/../lib/gcc/arm-none-eabi/13.3.1/thumb/v7e-m+fp/hard/crtn.o
OUTPUT(cleanrobot.elf elf32-littlearm)
LOAD linker stubs
LOAD E:/ST/STM32CubeIDE_1.18.1/STM32CubeIDE/plugins/com.st.stm32cube.ide.mcu.externaltools.gnu-tools-for-stm32.13.3.rel1.win32_1.0.0.202411081344/tools/bin/../lib/gcc/arm-none-eabi/13.3.1/../../../../arm-none-eabi/lib/thumb/v7e-m+fp/hard\libc.a
LOAD E:/ST/STM32CubeIDE_1.18.1/STM32CubeIDE/plugins/com.st.stm32cube.ide.mcu.externaltools.gnu-tools-for-stm32.13.3.rel1.win32_1.0.0.202411081344/tools/bin/../lib/gcc/arm-none-eabi/13.3.1/../../../../arm-none-eabi/lib/thumb/v7e-m+fp/hard\libm.a
LOAD E:/ST/STM32CubeIDE_1.18.1/STM32CubeIDE/plugins/com.st.stm32cube.ide.mcu.externaltools.gnu-tools-for-stm32.13.3.rel1.win32_1.0.0.202411081344/tools/bin/../lib/gcc/arm-none-eabi/13.3.1/thumb/v7e-m+fp/hard\libgcc.a

.debug_info     0x00000000    0x100f4
 .debug_info    0x00000000      0xae7 ./Core/Src/bsp_cleaning.o
 .debug_info    0x00000ae7      0xca1 ./Core/Src/bsp_drivetrain.o
 .debug_info    0x00001788      0x1d5 ./Core/Src/bsp_sensors.o
 .debug_info    0x0000195d      0xcf9 ./Core/Src/comm_luban.o
 .debug_info    0x00002656      0x67e ./Core/Src/gpio.o
 .debug_info    0x00002cd4      0xa0f ./Core/Src/main.o
 .debug_info    0x000036e3      0x234 ./Core/Src/robot_state_machine.o
 .debug_info    0x00003917      0xb4c ./Core/Src/stm32f4xx_hal_msp.o
 .debug_info    0x00004463      0x6a5 ./Core/Src/stm32f4xx_it.o
 .debug_info    0x00004b08      0x512 ./Core/Src/system_stm32f4xx.o
 .debug_info    0x0000501a      0xd99 ./Core/Src/tim.o
 .debug_info    0x00005db3      0x60d ./Core/Src/usart.o
 .debug_info    0x000063c0       0x30 ./Core/Startup/startup_stm32f407vgtx.o
 .debug_info    0x000063f0      0x944 ./Drivers/STM32F4xx_HAL_Driver/Src/stm32f4xx_hal.o
 .debug_info    0x00006d34      0xd8c ./Drivers/STM32F4xx_HAL_Driver/Src/stm32f4xx_hal_cortex.o
 .debug_info    0x00007ac0      0x8e7 ./Drivers/STM32F4xx_HAL_Driver/Src/stm32f4xx_hal_dma.o
 .debug_info    0x000083a7      0x6c3 ./Drivers/STM32F4xx_HAL_Driver/Src/stm32f4xx_hal_gpio.o
 .debug_info    0x00008a6a      0x8c3 ./Drivers/STM32F4xx_HAL_Driver/Src/stm32f4xx_hal_rcc.o
 .debug_info    0x0000932d     0x299d ./Drivers/STM32F4xx_HAL_Driver/Src/stm32f4xx_hal_tim.o
 .debug_info    0x0000bcca     0x14db ./Drivers/STM32F4xx_HAL_Driver/Src/stm32f4xx_hal_tim_ex.o
 .debug_info    0x0000d1a5     0x2f4f ./Drivers/STM32F4xx_HAL_Driver/Src/stm32f4xx_hal_uart.o

.debug_abbrev   0x00000000     0x2a61
 .debug_abbrev  0x00000000      0x1e2 ./Core/Src/bsp_cleaning.o
 .debug_abbrev  0x000001e2      0x277 ./Core/Src/bsp_drivetrain.o
 .debug_abbrev  0x00000459       0xff ./Core/Src/bsp_sensors.o
 .debug_abbrev  0x00000558      0x37a ./Core/Src/comm_luban.o
 .debug_abbrev  0x000008d2      0x174 ./Core/Src/gpio.o
 .debug_abbrev  0x00000a46      0x22a ./Core/Src/main.o
 .debug_abbrev  0x00000c70      0x12c ./Core/Src/robot_state_machine.o
 .debug_abbrev  0x00000d9c      0x1c7 ./Core/Src/stm32f4xx_hal_msp.o
 .debug_abbrev  0x00000f63      0x1a7 ./Core/Src/stm32f4xx_it.o
 .debug_abbrev  0x0000110a      0x11a ./Core/Src/system_stm32f4xx.o
 .debug_abbrev  0x00001224      0x281 ./Core/Src/tim.o
 .debug_abbrev  0x000014a5      0x16f ./Core/Src/usart.o
 .debug_abbrev  0x00001614       0x24 ./Core/Startup/startup_stm32f407vgtx.o
 .debug_abbrev  0x00001638      0x214 ./Drivers/STM32F4xx_HAL_Driver/Src/stm32f4xx_hal.o
 .debug_abbrev  0x0000184c      0x31d ./Drivers/STM32F4xx_HAL_Driver/Src/stm32f4xx_hal_cortex.o
 .debug_abbrev  0x00001b69      0x264 ./Drivers/STM32F4xx_HAL_Driver/Src/stm32f4xx_hal_dma.o
 .debug_abbrev  0x00001dcd      0x1d4 ./Drivers/STM32F4xx_HAL_Driver/Src/stm32f4xx_hal_gpio.o
 .debug_abbrev  0x00001fa1      0x2b7 ./Drivers/STM32F4xx_HAL_Driver/Src/stm32f4xx_hal_rcc.o
 .debug_abbrev  0x00002258      0x278 ./Drivers/STM32F4xx_HAL_Driver/Src/stm32f4xx_hal_tim.o
 .debug_abbrev  0x000024d0      0x283 ./Drivers/STM32F4xx_HAL_Driver/Src/stm32f4xx_hal_tim_ex.o
 .debug_abbrev  0x00002753      0x30e ./Drivers/STM32F4xx_HAL_Driver/Src/stm32f4xx_hal_uart.o

.debug_aranges  0x00000000      0xe78
 .debug_aranges
                0x00000000       0x48 ./Core/Src/bsp_cleaning.o
 .debug_aranges
                0x00000048       0x68 ./Core/Src/bsp_drivetrain.o
 .debug_aranges
                0x000000b0       0x40 ./Core/Src/bsp_sensors.o
 .debug_aranges
                0x000000f0       0xb8 ./Core/Src/comm_luban.o
 .debug_aranges
                0x000001a8       0x20 ./Core/Src/gpio.o
 .debug_aranges
                0x000001c8       0x30 ./Core/Src/main.o
 .debug_aranges
                0x000001f8       0x30 ./Core/Src/robot_state_machine.o
 .debug_aranges
                0x00000228       0x28 ./Core/Src/stm32f4xx_hal_msp.o
 .debug_aranges
                0x00000250       0x90 ./Core/Src/stm32f4xx_it.o
 .debug_aranges
                0x000002e0       0x28 ./Core/Src/system_stm32f4xx.o
 .debug_aranges
                0x00000308       0x50 ./Core/Src/tim.o
 .debug_aranges
                0x00000358       0x28 ./Core/Src/usart.o
 .debug_aranges
                0x00000380       0x28 ./Core/Startup/startup_stm32f407vgtx.o
 .debug_aranges
                0x000003a8       0xf0 ./Drivers/STM32F4xx_HAL_Driver/Src/stm32f4xx_hal.o
 .debug_aranges
                0x00000498      0x130 ./Drivers/STM32F4xx_HAL_Driver/Src/stm32f4xx_hal_cortex.o
 .debug_aranges
                0x000005c8       0x90 ./Drivers/STM32F4xx_HAL_Driver/Src/stm32f4xx_hal_dma.o
 .debug_aranges
                0x00000658       0x58 ./Drivers/STM32F4xx_HAL_Driver/Src/stm32f4xx_hal_gpio.o
 .debug_aranges
                0x000006b0       0x88 ./Drivers/STM32F4xx_HAL_Driver/Src/stm32f4xx_hal_rcc.o
 .debug_aranges
                0x00000738      0x3d0 ./Drivers/STM32F4xx_HAL_Driver/Src/stm32f4xx_hal_tim.o
 .debug_aranges
                0x00000b08      0x168 ./Drivers/STM32F4xx_HAL_Driver/Src/stm32f4xx_hal_tim_ex.o
 .debug_aranges
                0x00000c70      0x208 ./Drivers/STM32F4xx_HAL_Driver/Src/stm32f4xx_hal_uart.o

.debug_rnglists
                0x00000000      0xb30
 .debug_rnglists
                0x00000000       0x32 ./Core/Src/bsp_cleaning.o
 .debug_rnglists
                0x00000032       0x4c ./Core/Src/bsp_drivetrain.o
 .debug_rnglists
                0x0000007e       0x2b ./Core/Src/bsp_sensors.o
 .debug_rnglists
                0x000000a9       0x89 ./Core/Src/comm_luban.o
 .debug_rnglists
                0x00000132       0x14 ./Core/Src/gpio.o
 .debug_rnglists
                0x00000146       0x20 ./Core/Src/main.o
 .debug_rnglists
                0x00000166       0x20 ./Core/Src/robot_state_machine.o
 .debug_rnglists
                0x00000186       0x1a ./Core/Src/stm32f4xx_hal_msp.o
 .debug_rnglists
                0x000001a0       0x67 ./Core/Src/stm32f4xx_it.o
 .debug_rnglists
                0x00000207       0x1a ./Core/Src/system_stm32f4xx.o
 .debug_rnglists
                0x00000221       0x3e ./Core/Src/tim.o
 .debug_rnglists
                0x0000025f       0x19 ./Core/Src/usart.o
 .debug_rnglists
                0x00000278       0x19 ./Core/Startup/startup_stm32f407vgtx.o
 .debug_rnglists
                0x00000291       0xaf ./Drivers/STM32F4xx_HAL_Driver/Src/stm32f4xx_hal.o
 .debug_rnglists
                0x00000340       0xe0 ./Drivers/STM32F4xx_HAL_Driver/Src/stm32f4xx_hal_cortex.o
 .debug_rnglists
                0x00000420       0x70 ./Drivers/STM32F4xx_HAL_Driver/Src/stm32f4xx_hal_dma.o
 .debug_rnglists
                0x00000490       0x3f ./Drivers/STM32F4xx_HAL_Driver/Src/stm32f4xx_hal_gpio.o
 .debug_rnglists
                0x000004cf       0x66 ./Drivers/STM32F4xx_HAL_Driver/Src/stm32f4xx_hal_rcc.o
 .debug_rnglists
                0x00000535      0x31a ./Drivers/STM32F4xx_HAL_Driver/Src/stm32f4xx_hal_tim.o
 .debug_rnglists
                0x0000084f      0x125 ./Drivers/STM32F4xx_HAL_Driver/Src/stm32f4xx_hal_tim_ex.o
 .debug_rnglists
                0x00000974      0x1bc ./Drivers/STM32F4xx_HAL_Driver/Src/stm32f4xx_hal_uart.o

.debug_macro    0x00000000    0x21bb6
 .debug_macro   0x00000000      0x1ff ./Core/Src/bsp_cleaning.o
 .debug_macro   0x000001ff      0xad8 ./Core/Src/bsp_cleaning.o
 .debug_macro   0x00000cd7       0x22 ./Core/Src/bsp_cleaning.o
 .debug_macro   0x00000cf9       0x22 ./Core/Src/bsp_cleaning.o
 .debug_macro   0x00000d1b       0x8e ./Core/Src/bsp_cleaning.o
 .debug_macro   0x00000da9       0x51 ./Core/Src/bsp_cleaning.o
 .debug_macro   0x00000dfa      0x103 ./Core/Src/bsp_cleaning.o
 .debug_macro   0x00000efd       0x6a ./Core/Src/bsp_cleaning.o
 .debug_macro   0x00000f67      0x1df ./Core/Src/bsp_cleaning.o
 .debug_macro   0x00001146      0x29b ./Core/Src/bsp_cleaning.o
 .debug_macro   0x000013e1       0x2e ./Core/Src/bsp_cleaning.o
 .debug_macro   0x0000140f       0x2f ./Core/Src/bsp_cleaning.o
 .debug_macro   0x0000143e       0x1c ./Core/Src/bsp_cleaning.o
 .debug_macro   0x0000145a       0x22 ./Core/Src/bsp_cleaning.o
 .debug_macro   0x0000147c       0xfb ./Core/Src/bsp_cleaning.o
 .debug_macro   0x00001577     0x1011 ./Core/Src/bsp_cleaning.o
 .debug_macro   0x00002588      0x11f ./Core/Src/bsp_cleaning.o
 .debug_macro   0x000026a7    0x15ea5 ./Core/Src/bsp_cleaning.o
 .debug_macro   0x0001854c       0x6d ./Core/Src/bsp_cleaning.o
 .debug_macro   0x000185b9     0x3693 ./Core/Src/bsp_cleaning.o
 .debug_macro   0x0001bc4c      0x190 ./Core/Src/bsp_cleaning.o
 .debug_macro   0x0001bddc       0x5c ./Core/Src/bsp_cleaning.o
 .debug_macro   0x0001be38      0x980 ./Core/Src/bsp_cleaning.o
 .debug_macro   0x0001c7b8      0x9e9 ./Core/Src/bsp_cleaning.o
 .debug_macro   0x0001d1a1      0x115 ./Core/Src/bsp_cleaning.o
 .debug_macro   0x0001d2b6      0x13e ./Core/Src/bsp_cleaning.o
 .debug_macro   0x0001d3f4       0xa5 ./Core/Src/bsp_cleaning.o
 .debug_macro   0x0001d499      0x174 ./Core/Src/bsp_cleaning.o
 .debug_macro   0x0001d60d      0x287 ./Core/Src/bsp_cleaning.o
 .debug_macro   0x0001d894       0x5f ./Core/Src/bsp_cleaning.o
 .debug_macro   0x0001d8f3      0x236 ./Core/Src/bsp_cleaning.o
 .debug_macro   0x0001db29      0x12c ./Core/Src/bsp_cleaning.o
 .debug_macro   0x0001dc55      0x21e ./Core/Src/bsp_cleaning.o
 .debug_macro   0x0001de73       0x2e ./Core/Src/bsp_cleaning.o
 .debug_macro   0x0001dea1      0x127 ./Core/Src/bsp_cleaning.o
 .debug_macro   0x0001dfc8       0x7e ./Core/Src/bsp_cleaning.o
 .debug_macro   0x0001e046       0x89 ./Core/Src/bsp_cleaning.o
 .debug_macro   0x0001e0cf      0x8ed ./Core/Src/bsp_cleaning.o
 .debug_macro   0x0001e9bc       0x4d ./Core/Src/bsp_cleaning.o
 .debug_macro   0x0001ea09      0x2aa ./Core/Src/bsp_cleaning.o
 .debug_macro   0x0001ecb3      0x12d ./Core/Src/bsp_cleaning.o
 .debug_macro   0x0001ede0      0x223 ./Core/Src/bsp_drivetrain.o
 .debug_macro   0x0001f003      0x1ff ./Core/Src/bsp_sensors.o
 .debug_macro   0x0001f202      0x301 ./Core/Src/comm_luban.o
 .debug_macro   0x0001f503       0x61 ./Core/Src/comm_luban.o
 .debug_macro   0x0001f564       0x2a ./Core/Src/comm_luban.o
 .debug_macro   0x0001f58e       0x43 ./Core/Src/comm_luban.o
 .debug_macro   0x0001f5d1       0x34 ./Core/Src/comm_luban.o
 .debug_macro   0x0001f605      0x370 ./Core/Src/comm_luban.o
 .debug_macro   0x0001f975       0x16 ./Core/Src/comm_luban.o
 .debug_macro   0x0001f98b       0x4a ./Core/Src/comm_luban.o
 .debug_macro   0x0001f9d5       0x34 ./Core/Src/comm_luban.o
 .debug_macro   0x0001fa09       0x10 ./Core/Src/comm_luban.o
 .debug_macro   0x0001fa19       0x58 ./Core/Src/comm_luban.o
 .debug_macro   0x0001fa71       0x8e ./Core/Src/comm_luban.o
 .debug_macro   0x0001faff       0x1c ./Core/Src/comm_luban.o
 .debug_macro   0x0001fb1b      0x185 ./Core/Src/comm_luban.o
 .debug_macro   0x0001fca0       0x10 ./Core/Src/comm_luban.o
 .debug_macro   0x0001fcb0       0x3c ./Core/Src/comm_luban.o
 .debug_macro   0x0001fcec       0x20 ./Core/Src/comm_luban.o
 .debug_macro   0x0001fd0c      0x1e2 ./Core/Src/gpio.o
 .debug_macro   0x0001feee      0x23f ./Core/Src/main.o
 .debug_macro   0x0002012d      0x21f ./Core/Src/robot_state_machine.o
 .debug_macro   0x0002034c      0x1e6 ./Core/Src/stm32f4xx_hal_msp.o
 .debug_macro   0x00020532      0x1f0 ./Core/Src/stm32f4xx_it.o
 .debug_macro   0x00020722      0x1ce ./Core/Src/system_stm32f4xx.o
 .debug_macro   0x000208f0      0x1e2 ./Core/Src/tim.o
 .debug_macro   0x00020ad2      0x1e2 ./Core/Src/usart.o
 .debug_macro   0x00020cb4      0x22e ./Drivers/STM32F4xx_HAL_Driver/Src/stm32f4xx_hal.o
 .debug_macro   0x00020ee2      0x1ce ./Drivers/STM32F4xx_HAL_Driver/Src/stm32f4xx_hal_cortex.o
 .debug_macro   0x000210b0      0x1d4 ./Drivers/STM32F4xx_HAL_Driver/Src/stm32f4xx_hal_dma.o
 .debug_macro   0x00021284      0x1d4 ./Drivers/STM32F4xx_HAL_Driver/Src/stm32f4xx_hal_gpio.o
 .debug_macro   0x00021458      0x1f2 ./Drivers/STM32F4xx_HAL_Driver/Src/stm32f4xx_hal_rcc.o
 .debug_macro   0x0002164a      0x1cf ./Drivers/STM32F4xx_HAL_Driver/Src/stm32f4xx_hal_tim.o
 .debug_macro   0x00021819      0x1ce ./Drivers/STM32F4xx_HAL_Driver/Src/stm32f4xx_hal_tim_ex.o
 .debug_macro   0x000219e7      0x1cf ./Drivers/STM32F4xx_HAL_Driver/Src/stm32f4xx_hal_uart.o

.debug_line     0x00000000    0x12145
 .debug_line    0x00000000      0x810 ./Core/Src/bsp_cleaning.o
 .debug_line    0x00000810      0x982 ./Core/Src/bsp_drivetrain.o
 .debug_line    0x00001192      0x82f ./Core/Src/bsp_sensors.o
 .debug_line    0x000019c1      0xd64 ./Core/Src/comm_luban.o
 .debug_line    0x00002725      0x773 ./Core/Src/gpio.o
 .debug_line    0x00002e98      0x85a ./Core/Src/main.o
 .debug_line    0x000036f2      0x88e ./Core/Src/robot_state_machine.o
 .debug_line    0x00003f80      0x7a1 ./Core/Src/stm32f4xx_hal_msp.o
 .debug_line    0x00004721      0x890 ./Core/Src/stm32f4xx_it.o
 .debug_line    0x00004fb1      0x7bc ./Core/Src/system_stm32f4xx.o
 .debug_line    0x0000576d      0xa3b ./Core/Src/tim.o
 .debug_line    0x000061a8      0x7a3 ./Core/Src/usart.o
 .debug_line    0x0000694b       0x7a ./Core/Startup/startup_stm32f407vgtx.o
 .debug_line    0x000069c5      0xa38 ./Drivers/STM32F4xx_HAL_Driver/Src/stm32f4xx_hal.o
 .debug_line    0x000073fd      0xd08 ./Drivers/STM32F4xx_HAL_Driver/Src/stm32f4xx_hal_cortex.o
 .debug_line    0x00008105      0xfa4 ./Drivers/STM32F4xx_HAL_Driver/Src/stm32f4xx_hal_dma.o
 .debug_line    0x000090a9      0xb90 ./Drivers/STM32F4xx_HAL_Driver/Src/stm32f4xx_hal_gpio.o
 .debug_line    0x00009c39      0xe47 ./Drivers/STM32F4xx_HAL_Driver/Src/stm32f4xx_hal_rcc.o
 .debug_line    0x0000aa80     0x37ad ./Drivers/STM32F4xx_HAL_Driver/Src/stm32f4xx_hal_tim.o
 .debug_line    0x0000e22d     0x1998 ./Drivers/STM32F4xx_HAL_Driver/Src/stm32f4xx_hal_tim_ex.o
 .debug_line    0x0000fbc5     0x2580 ./Drivers/STM32F4xx_HAL_Driver/Src/stm32f4xx_hal_uart.o

.debug_str      0x00000000    0xcb4c4
 .debug_str     0x00000000    0xcb4c4 ./Core/Src/bsp_cleaning.o
                              0xc468b (size before relaxing)
 .debug_str     0x000cb4c4    0xc47ff ./Core/Src/bsp_drivetrain.o
 .debug_str     0x000cb4c4    0xc4011 ./Core/Src/bsp_sensors.o
 .debug_str     0x000cb4c4    0xc7a7d ./Core/Src/comm_luban.o
 .debug_str     0x000cb4c4    0xc4564 ./Core/Src/gpio.o
 .debug_str     0x000cb4c4    0xc4753 ./Core/Src/main.o
 .debug_str     0x000cb4c4    0xc4154 ./Core/Src/robot_state_machine.o
 .debug_str     0x000cb4c4    0xc49a2 ./Core/Src/stm32f4xx_hal_msp.o
 .debug_str     0x000cb4c4    0xc4438 ./Core/Src/stm32f4xx_it.o
 .debug_str     0x000cb4c4    0xc4029 ./Core/Src/system_stm32f4xx.o
 .debug_str     0x000cb4c4    0xc47ca ./Core/Src/tim.o
 .debug_str     0x000cb4c4    0xc4364 ./Core/Src/usart.o
 .debug_str     0x000cb4c4       0x75 ./Core/Startup/startup_stm32f407vgtx.o
 .debug_str     0x000cb4c4    0xc4bad ./Drivers/STM32F4xx_HAL_Driver/Src/stm32f4xx_hal.o
 .debug_str     0x000cb4c4    0xc4929 ./Drivers/STM32F4xx_HAL_Driver/Src/stm32f4xx_hal_cortex.o
 .debug_str     0x000cb4c4    0xc4443 ./Drivers/STM32F4xx_HAL_Driver/Src/stm32f4xx_hal_dma.o
 .debug_str     0x000cb4c4    0xc41a4 ./Drivers/STM32F4xx_HAL_Driver/Src/stm32f4xx_hal_gpio.o
 .debug_str     0x000cb4c4    0xc445d ./Drivers/STM32F4xx_HAL_Driver/Src/stm32f4xx_hal_rcc.o
 .debug_str     0x000cb4c4    0xc53b3 ./Drivers/STM32F4xx_HAL_Driver/Src/stm32f4xx_hal_tim.o
 .debug_str     0x000cb4c4    0xc4bbf ./Drivers/STM32F4xx_HAL_Driver/Src/stm32f4xx_hal_tim_ex.o
 .debug_str     0x000cb4c4    0xc4a3e ./Drivers/STM32F4xx_HAL_Driver/Src/stm32f4xx_hal_uart.o

.comment        0x00000000       0x43
 .comment       0x00000000       0x43 ./Core/Src/bsp_cleaning.o
                                 0x44 (size before relaxing)
 .comment       0x00000043       0x44 ./Core/Src/bsp_drivetrain.o
 .comment       0x00000043       0x44 ./Core/Src/bsp_sensors.o
 .comment       0x00000043       0x44 ./Core/Src/comm_luban.o
 .comment       0x00000043       0x44 ./Core/Src/gpio.o
 .comment       0x00000043       0x44 ./Core/Src/main.o
 .comment       0x00000043       0x44 ./Core/Src/robot_state_machine.o
 .comment       0x00000043       0x44 ./Core/Src/stm32f4xx_hal_msp.o
 .comment       0x00000043       0x44 ./Core/Src/stm32f4xx_it.o
 .comment       0x00000043       0x44 ./Core/Src/system_stm32f4xx.o
 .comment       0x00000043       0x44 ./Core/Src/tim.o
 .comment       0x00000043       0x44 ./Core/Src/usart.o
 .comment       0x00000043       0x44 ./Drivers/STM32F4xx_HAL_Driver/Src/stm32f4xx_hal.o
 .comment       0x00000043       0x44 ./Drivers/STM32F4xx_HAL_Driver/Src/stm32f4xx_hal_cortex.o
 .comment       0x00000043       0x44 ./Drivers/STM32F4xx_HAL_Driver/Src/stm32f4xx_hal_dma.o
 .comment       0x00000043       0x44 ./Drivers/STM32F4xx_HAL_Driver/Src/stm32f4xx_hal_gpio.o
 .comment       0x00000043       0x44 ./Drivers/STM32F4xx_HAL_Driver/Src/stm32f4xx_hal_rcc.o
 .comment       0x00000043       0x44 ./Drivers/STM32F4xx_HAL_Driver/Src/stm32f4xx_hal_tim.o
 .comment       0x00000043       0x44 ./Drivers/STM32F4xx_HAL_Driver/Src/stm32f4xx_hal_tim_ex.o
 .comment       0x00000043       0x44 ./Drivers/STM32F4xx_HAL_Driver/Src/stm32f4xx_hal_uart.o

.debug_frame    0x00000000     0x3af8
 .debug_frame   0x00000000       0xe8 ./Core/Src/bsp_cleaning.o
 .debug_frame   0x000000e8      0x18c ./Core/Src/bsp_drivetrain.o
 .debug_frame   0x00000274       0xc4 ./Core/Src/bsp_sensors.o
 .debug_frame   0x00000338      0x2c8 ./Core/Src/comm_luban.o
 .debug_frame   0x00000600       0x34 ./Core/Src/gpio.o
 .debug_frame   0x00000634       0x68 ./Core/Src/main.o
 .debug_frame   0x0000069c       0x74 ./Core/Src/robot_state_machine.o
 .debug_frame   0x00000710       0x5c ./Core/Src/stm32f4xx_hal_msp.o
 .debug_frame   0x0000076c      0x1ac ./Core/Src/stm32f4xx_it.o
 .debug_frame   0x00000918       0x58 ./Core/Src/system_stm32f4xx.o
 .debug_frame   0x00000970      0x114 ./Core/Src/tim.o
 .debug_frame   0x00000a84       0x48 ./Core/Src/usart.o
 .debug_frame   0x00000acc      0x374 ./Drivers/STM32F4xx_HAL_Driver/Src/stm32f4xx_hal.o
 .debug_frame   0x00000e40      0x508 ./Drivers/STM32F4xx_HAL_Driver/Src/stm32f4xx_hal_cortex.o
 .debug_frame   0x00001348      0x250 ./Drivers/STM32F4xx_HAL_Driver/Src/stm32f4xx_hal_dma.o
 .debug_frame   0x00001598      0x14c ./Drivers/STM32F4xx_HAL_Driver/Src/stm32f4xx_hal_gpio.o
 .debug_frame   0x000016e4      0x1f4 ./Drivers/STM32F4xx_HAL_Driver/Src/stm32f4xx_hal_rcc.o
 .debug_frame   0x000018d8     0x11c0 ./Drivers/STM32F4xx_HAL_Driver/Src/stm32f4xx_hal_tim.o
 .debug_frame   0x00002a98      0x638 ./Drivers/STM32F4xx_HAL_Driver/Src/stm32f4xx_hal_tim_ex.o
 .debug_frame   0x000030d0      0x954 ./Drivers/STM32F4xx_HAL_Driver/Src/stm32f4xx_hal_uart.o
 .debug_frame   0x00003a24       0x20 E:/ST/STM32CubeIDE_1.18.1/STM32CubeIDE/plugins/com.st.stm32cube.ide.mcu.externaltools.gnu-tools-for-stm32.13.3.rel1.win32_1.0.0.202411081344/tools/bin/../lib/gcc/arm-none-eabi/13.3.1/../../../../arm-none-eabi/lib/thumb/v7e-m+fp/hard\libc_nano.a(libc_a-memset.o)
 .debug_frame   0x00003a44       0x2c E:/ST/STM32CubeIDE_1.18.1/STM32CubeIDE/plugins/com.st.stm32cube.ide.mcu.externaltools.gnu-tools-for-stm32.13.3.rel1.win32_1.0.0.202411081344/tools/bin/../lib/gcc/arm-none-eabi/13.3.1/../../../../arm-none-eabi/lib/thumb/v7e-m+fp/hard\libc_nano.a(libc_a-init.o)
 .debug_frame   0x00003a70       0x28 E:/ST/STM32CubeIDE_1.18.1/STM32CubeIDE/plugins/com.st.stm32cube.ide.mcu.externaltools.gnu-tools-for-stm32.13.3.rel1.win32_1.0.0.202411081344/tools/bin/../lib/gcc/arm-none-eabi/13.3.1/../../../../arm-none-eabi/lib/thumb/v7e-m+fp/hard\libc_nano.a(libc_a-memcpy-stub.o)
 .debug_frame   0x00003a98       0x2c E:/ST/STM32CubeIDE_1.18.1/STM32CubeIDE/plugins/com.st.stm32cube.ide.mcu.externaltools.gnu-tools-for-stm32.13.3.rel1.win32_1.0.0.202411081344/tools/bin/../lib/gcc/arm-none-eabi/13.3.1/thumb/v7e-m+fp/hard\libgcc.a(_aeabi_uldivmod.o)
 .debug_frame   0x00003ac4       0x34 E:/ST/STM32CubeIDE_1.18.1/STM32CubeIDE/plugins/com.st.stm32cube.ide.mcu.externaltools.gnu-tools-for-stm32.13.3.rel1.win32_1.0.0.202411081344/tools/bin/../lib/gcc/arm-none-eabi/13.3.1/thumb/v7e-m+fp/hard\libgcc.a(_udivmoddi4.o)

.debug_line_str
                0x00000000       0x59
 .debug_line_str
                0x00000000       0x59 ./Core/Startup/startup_stm32f407vgtx.o
