../Core/Src/bsp_drivetrain.c:64:21:clamp01	16	static
../Core/Src/bsp_drivetrain.c:71:21:clamp_norm	16	static
../Core/Src/bsp_drivetrain.c:78:17:duty_to_ccr	24	static
../Core/Src/bsp_drivetrain.c:90:13:Wheel_Set_ByMotorDir	40	static
../Core/Src/bsp_drivetrain.c:122:13:Left_Set_VehicleNorm	40	static
../Core/Src/bsp_drivetrain.c:141:13:Right_Set_VehicleNorm	40	static
../Core/Src/bsp_drivetrain.c:163:6:Drivetrain_Init	40	static
../Core/Src/bsp_drivetrain.c:185:6:Drivetrain_Stop	8	static
../Core/Src/bsp_drivetrain.c:197:6:Drivetrain_SetRaw	16	static
../Core/Src/bsp_drivetrain.c:204:6:Drivetrain_SetDirection	16	static
../Core/Src/bsp_drivetrain.c:214:7:Drivetrain_UnitToNorm	24	static
../Core/Src/bsp_drivetrain.c:223:6:Drivetrain_SetUnits	24	static
../Core/Src/bsp_drivetrain.c:234:21:clampf	24	static
../Core/Src/bsp_drivetrain.c:241:6:Drivetrain_SetTwist	40	static
