../Core/Src/comm_luban.c:63:17:crc16_update	24	static
../Core/Src/comm_luban.c:80:17:crc16_compute	24	static
../Core/Src/comm_luban.c:90:13:rb_push	24	static
../Core/Src/comm_luban.c:101:13:rb_pop	16	static
../Core/Src/comm_luban.c:112:13:parser_reset	4	static
../Core/Src/comm_luban.c:123:13:send_frame	288	static
../Core/Src/comm_luban.c:157:13:send_error	16	static
../Core/Src/comm_luban.c:168:13:handle_cmd_send_task	24	static
../Core/Src/comm_luban.c:191:13:handle_cmd_request_status	8	static
../Core/Src/comm_luban.c:196:13:handle_cmd_cancel_task	8	static
../Core/Src/comm_luban.c:201:13:handle_cmd_emergency_stop	8	static
../Core/Src/comm_luban.c:206:13:handle_cmd_set_twist	48	static
../Core/Src/comm_luban.c:232:13:handle_frame	16	static
../Core/Src/comm_luban.c:257:6:Comm_Luban_Init	16	static
../Core/Src/comm_luban.c:273:6:Comm_UART1_TestInit	8	static
../Core/Src/comm_luban.c:279:6:Comm_Luban_Poll	16	static
../Core/Src/comm_luban.c:371:6:Comm_Luban_GetNextTask	16	static
../Core/Src/comm_luban.c:389:6:Comm_Luban_SendStatus	24	static
../Core/Src/comm_luban.c:407:6:HAL_UART_RxCpltCallback	16	static
../Core/Src/comm_luban.c:423:6:Comm_Luban_Watchdog	8	static
