../Core/Src/comm_luban.c:54:17:crc16_update	24	static
../Core/Src/comm_luban.c:72:17:crc16_compute	24	static
../Core/Src/comm_luban.c:82:13:rb_push	24	static
../Core/Src/comm_luban.c:93:13:rb_pop	16	static
../Core/Src/comm_luban.c:104:13:parser_reset	4	static
../Core/Src/comm_luban.c:114:13:send_frame	288	static
../Core/Src/comm_luban.c:147:13:send_error	16	static
../Core/Src/comm_luban.c:152:13:handle_cmd_send_task	24	static
../Core/Src/comm_luban.c:175:13:handle_cmd_request_status	8	static
../Core/Src/comm_luban.c:180:13:handle_cmd_cancel_task	8	static
../Core/Src/comm_luban.c:185:13:handle_cmd_emergency_stop	8	static
../Core/Src/comm_luban.c:190:13:handle_frame	16	static
../Core/Src/comm_luban.c:212:6:Comm_Luban_Init	16	static
../Core/Src/comm_luban.c:227:6:Comm_Luban_Poll	16	static
../Core/Src/comm_luban.c:316:6:Comm_Luban_GetNextTask	16	static
../Core/Src/comm_luban.c:334:6:Comm_Luban_SendStatus	24	static
../Core/Src/comm_luban.c:352:6:HAL_UART_RxCpltCallback	16	static
