../Core/Src/main.c:119:13:Drive_Forward	16	static
../Core/Src/main.c:124:13:Drive_Backward	16	static
../Core/Src/main.c:129:13:Drive_TurnLeft	16	static
../Core/Src/main.c:134:13:Drive_TurnRight	16	static
../Core/Src/main.c:140:13:Demo_LocalMotion	8	static
../Core/Src/main.c:158:21:clamp01	16	static
../Core/Src/main.c:165:17:duty_to_ccr_local	24	static
../Core/Src/main.c:177:13:Wheel_Set_ByMotorDir	40	static
../Core/Src/main.c:212:13:Left_Set_Vehicle	32	static
../Core/Src/main.c:221:13:Right_Set_Vehicle	32	static
../Core/Src/main.c:230:13:Wheels_Stop_All	8	static
../Core/Src/main.c:238:13:Wheel_Run_WithKick_Vehicle	24	static
../Core/Src/main.c:259:13:RightWheel_DirProbe	24	static
../Core/Src/main.c:286:13:Raw_Wheel_Test	8	static
../Core/Src/main.c:297:5:main	8	static
../Core/Src/main.c:394:6:SystemClock_Config	88	static
../Core/Src/main.c:444:6:Error_Handler	4	static,ignoring_inline_asm
